Archive member included to satisfy reference by file (symbol)

c:/program files (x86)/atmel/studio/7.0/toolchain/avr8/avr8-gnu-toolchain/bin/../lib/gcc/avr/5.4.0/avr5\libgcc.a(_exit.o)
                              C:/Program Files (x86)/Atmel/Studio/7.0/Packs/atmel/ATmega_DFP/1.7.374/gcc/dev/atmega328p/avr5/crtatmega328p.o (exit)
c:/program files (x86)/atmel/studio/7.0/toolchain/avr8/avr8-gnu-toolchain/bin/../lib/gcc/avr/5.4.0/avr5\libgcc.a(_copy_data.o)
                              main.o (__do_copy_data)
c:/program files (x86)/atmel/studio/7.0/toolchain/avr8/avr8-gnu-toolchain/bin/../lib/gcc/avr/5.4.0/avr5\libgcc.a(_clear_bss.o)
                              main.o (__do_clear_bss)

Allocating common symbols
Common symbol       size              file

eventCounter        0x1               main.o
dbTime4             0x2               main.o
deadTime2           0x2               main.o
myUSARTHandler      0x30              main.o
crcLocal            0x2               main.o
tikDebounce         0x4               main.o
lecture             0x1               main.o
registro            0x2               main.o
dbTime3             0x2               main.o
myHalfWord          0x2               main.o
diagnosticsSubfunction
                    0x1               main.o
decodeState         0x1               main.o
deadTime4           0x2               main.o
excepCode           0x1               main.o
byteCount           0x1               main.o
unixTimeL           0x2               main.o
bufferRx            0x100             main.o
errorCode           0x1               main.o
slaveAddress        0x2               main.o
exceptionCodes      0x1               main.o
function            0x1               main.o
tim1L               0x1               main.o
nBytes              0x1               main.o
dbTime1             0x2               main.o
myEvents            0x60              main.o
silenceTik          0x1               main.o
deadTime1           0x2               main.o
hbTime              0x1               main.o
inputFlags          0x1               main.o
crcMsg              0x2               main.o
oldValueA           0x1               main.o
diagnosticsRegister
                    0x2               main.o
dbTime2             0x2               main.o
unixTimeH           0x2               main.o
newValueA           0x1               main.o
intFlags            0x1               main.o
bufferTx            0x100             main.o
tikBetweenTime      0x8               main.o
dateTime            0x4               main.o
deadTime3           0x2               main.o
tim1H               0x1               main.o
outValues           0x1               main.o

Discarded input sections

 .data          0x00000000        0x0 C:/Program Files (x86)/Atmel/Studio/7.0/Packs/atmel/ATmega_DFP/1.7.374/gcc/dev/atmega328p/avr5/crtatmega328p.o
 .bss           0x00000000        0x0 C:/Program Files (x86)/Atmel/Studio/7.0/Packs/atmel/ATmega_DFP/1.7.374/gcc/dev/atmega328p/avr5/crtatmega328p.o
 .text          0x00000000        0x0 main.o
 .data          0x00000000        0x0 main.o
 .bss           0x00000000        0x0 main.o
 .text.EEPROM_Write
                0x00000000       0x2c main.o
 .data.reg      0x00000000        0x6 main.o
 .text          0x00000000        0x0 mcc_generated_files/system/src/config_bits.o
 .data          0x00000000        0x0 mcc_generated_files/system/src/config_bits.o
 .bss           0x00000000        0x0 mcc_generated_files/system/src/config_bits.o
 .text          0x00000000        0x0 mcc_generated_files/system/src/cpu.o
 .data          0x00000000        0x0 mcc_generated_files/system/src/cpu.o
 .bss           0x00000000        0x0 mcc_generated_files/system/src/cpu.o
 .text.CPU_EnableSleep
                0x00000000        0x8 mcc_generated_files/system/src/cpu.o
 .text.CPU_DisableSleep
                0x00000000        0x8 mcc_generated_files/system/src/cpu.o
 .text.CPU_SetSleepMode
                0x00000000        0xa mcc_generated_files/system/src/cpu.o
 .text.CPU_EnableLowPower
                0x00000000        0x8 mcc_generated_files/system/src/cpu.o
 .text          0x00000000        0x0 mcc_generated_files/system/src/cpuint.o
 .data          0x00000000        0x0 mcc_generated_files/system/src/cpuint.o
 .bss           0x00000000        0x0 mcc_generated_files/system/src/cpuint.o
 .text          0x00000000        0x0 mcc_generated_files/system/src/pins.o
 .data          0x00000000        0x0 mcc_generated_files/system/src/pins.o
 .bss           0x00000000        0x0 mcc_generated_files/system/src/pins.o
 .text          0x00000000        0x0 mcc_generated_files/system/src/protected_io.o
 .data          0x00000000        0x0 mcc_generated_files/system/src/protected_io.o
 .bss           0x00000000        0x0 mcc_generated_files/system/src/protected_io.o
 .text.protected_write_io
                0x00000000        0x8 mcc_generated_files/system/src/protected_io.o
 .debug_line    0x00000000       0x70 mcc_generated_files/system/src/protected_io.o
 .debug_info    0x00000000       0x9e mcc_generated_files/system/src/protected_io.o
 .debug_abbrev  0x00000000       0x14 mcc_generated_files/system/src/protected_io.o
 .debug_aranges
                0x00000000       0x20 mcc_generated_files/system/src/protected_io.o
 .text          0x00000000        0x0 mcc_generated_files/system/src/system.o
 .data          0x00000000        0x0 mcc_generated_files/system/src/system.o
 .bss           0x00000000        0x0 mcc_generated_files/system/src/system.o
 .text          0x00000000        0x0 source/timer0.o
 .data          0x00000000        0x0 source/timer0.o
 .bss           0x00000000        0x0 source/timer0.o
 .text.TC0_Get_Overflow_InterruptFlagStatus
                0x00000000        0x6 source/timer0.o
 .text.TC0_Get_CompareA_InterruptFlagStatus
                0x00000000        0xc source/timer0.o
 .text.TC0_Get_CompareB_InterruptFlagStatus
                0x00000000        0xc source/timer0.o
 .text.TC0_Enable_Overflow_Interrupt
                0x00000000        0xc source/timer0.o
 .text.TC0_Disable_Overflow_Interrupt
                0x00000000        0xc source/timer0.o
 .text.TC0_Enable_CompareB_Interrupt
                0x00000000        0xc source/timer0.o
 .text.TC0_Disable_CompareB_Interrupt
                0x00000000        0xc source/timer0.o
 .text.TC0_WriteTimer
                0x00000000        0x4 source/timer0.o
 .text.TC0_ReadTimer
                0x00000000        0x4 source/timer0.o
 .text          0x00000000        0x0 source/usart.o
 .data          0x00000000        0x0 source/usart.o
 .bss           0x00000000        0x0 source/usart.o
 .text.USART0_Deinitialize
                0x00000000       0x16 source/usart.o
 .text.USART0_TransmitEnable
                0x00000000        0xc source/usart.o
 .text.USART0_TransmitDisable
                0x00000000        0xc source/usart.o
 .text.USART0_IsRxReady
                0x00000000        0xc source/usart.o
 .text.USART0_ErrorGet
                0x00000000       0x72 source/usart.o
 .text.USART0_Read
                0x00000000        0x6 source/usart.o
 .text.USART0_Enable
                0x00000000        0xc source/usart.o
 .text.USART0_Disable
                0x00000000        0xc source/usart.o
 .text.USART0_ReceiveEnable
                0x00000000        0xc source/usart.o
 .text.USART0_ReceiveDisable
                0x00000000        0xc source/usart.o
 .text.USART0_GetData
                0x00000000        0x6 source/usart.o
 .rodata.UART0  0x00000000       0x30 source/usart.o
 .text          0x00000000        0x0 c:/program files (x86)/atmel/studio/7.0/toolchain/avr8/avr8-gnu-toolchain/bin/../lib/gcc/avr/5.4.0/avr5\libgcc.a(_exit.o)
 .data          0x00000000        0x0 c:/program files (x86)/atmel/studio/7.0/toolchain/avr8/avr8-gnu-toolchain/bin/../lib/gcc/avr/5.4.0/avr5\libgcc.a(_exit.o)
 .bss           0x00000000        0x0 c:/program files (x86)/atmel/studio/7.0/toolchain/avr8/avr8-gnu-toolchain/bin/../lib/gcc/avr/5.4.0/avr5\libgcc.a(_exit.o)
 .text.libgcc.mul
                0x00000000        0x0 c:/program files (x86)/atmel/studio/7.0/toolchain/avr8/avr8-gnu-toolchain/bin/../lib/gcc/avr/5.4.0/avr5\libgcc.a(_exit.o)
 .text.libgcc.div
                0x00000000        0x0 c:/program files (x86)/atmel/studio/7.0/toolchain/avr8/avr8-gnu-toolchain/bin/../lib/gcc/avr/5.4.0/avr5\libgcc.a(_exit.o)
 .text.libgcc   0x00000000        0x0 c:/program files (x86)/atmel/studio/7.0/toolchain/avr8/avr8-gnu-toolchain/bin/../lib/gcc/avr/5.4.0/avr5\libgcc.a(_exit.o)
 .text.libgcc.prologue
                0x00000000        0x0 c:/program files (x86)/atmel/studio/7.0/toolchain/avr8/avr8-gnu-toolchain/bin/../lib/gcc/avr/5.4.0/avr5\libgcc.a(_exit.o)
 .text.libgcc.builtins
                0x00000000        0x0 c:/program files (x86)/atmel/studio/7.0/toolchain/avr8/avr8-gnu-toolchain/bin/../lib/gcc/avr/5.4.0/avr5\libgcc.a(_exit.o)
 .text.libgcc.fmul
                0x00000000        0x0 c:/program files (x86)/atmel/studio/7.0/toolchain/avr8/avr8-gnu-toolchain/bin/../lib/gcc/avr/5.4.0/avr5\libgcc.a(_exit.o)
 .text.libgcc.fixed
                0x00000000        0x0 c:/program files (x86)/atmel/studio/7.0/toolchain/avr8/avr8-gnu-toolchain/bin/../lib/gcc/avr/5.4.0/avr5\libgcc.a(_exit.o)
 .text          0x00000000        0x0 c:/program files (x86)/atmel/studio/7.0/toolchain/avr8/avr8-gnu-toolchain/bin/../lib/gcc/avr/5.4.0/avr5\libgcc.a(_copy_data.o)
 .data          0x00000000        0x0 c:/program files (x86)/atmel/studio/7.0/toolchain/avr8/avr8-gnu-toolchain/bin/../lib/gcc/avr/5.4.0/avr5\libgcc.a(_copy_data.o)
 .bss           0x00000000        0x0 c:/program files (x86)/atmel/studio/7.0/toolchain/avr8/avr8-gnu-toolchain/bin/../lib/gcc/avr/5.4.0/avr5\libgcc.a(_copy_data.o)
 .text.libgcc.mul
                0x00000000        0x0 c:/program files (x86)/atmel/studio/7.0/toolchain/avr8/avr8-gnu-toolchain/bin/../lib/gcc/avr/5.4.0/avr5\libgcc.a(_copy_data.o)
 .text.libgcc.div
                0x00000000        0x0 c:/program files (x86)/atmel/studio/7.0/toolchain/avr8/avr8-gnu-toolchain/bin/../lib/gcc/avr/5.4.0/avr5\libgcc.a(_copy_data.o)
 .text.libgcc   0x00000000        0x0 c:/program files (x86)/atmel/studio/7.0/toolchain/avr8/avr8-gnu-toolchain/bin/../lib/gcc/avr/5.4.0/avr5\libgcc.a(_copy_data.o)
 .text.libgcc.prologue
                0x00000000        0x0 c:/program files (x86)/atmel/studio/7.0/toolchain/avr8/avr8-gnu-toolchain/bin/../lib/gcc/avr/5.4.0/avr5\libgcc.a(_copy_data.o)
 .text.libgcc.builtins
                0x00000000        0x0 c:/program files (x86)/atmel/studio/7.0/toolchain/avr8/avr8-gnu-toolchain/bin/../lib/gcc/avr/5.4.0/avr5\libgcc.a(_copy_data.o)
 .text.libgcc.fmul
                0x00000000        0x0 c:/program files (x86)/atmel/studio/7.0/toolchain/avr8/avr8-gnu-toolchain/bin/../lib/gcc/avr/5.4.0/avr5\libgcc.a(_copy_data.o)
 .text.libgcc.fixed
                0x00000000        0x0 c:/program files (x86)/atmel/studio/7.0/toolchain/avr8/avr8-gnu-toolchain/bin/../lib/gcc/avr/5.4.0/avr5\libgcc.a(_copy_data.o)
 .text          0x00000000        0x0 c:/program files (x86)/atmel/studio/7.0/toolchain/avr8/avr8-gnu-toolchain/bin/../lib/gcc/avr/5.4.0/avr5\libgcc.a(_clear_bss.o)
 .data          0x00000000        0x0 c:/program files (x86)/atmel/studio/7.0/toolchain/avr8/avr8-gnu-toolchain/bin/../lib/gcc/avr/5.4.0/avr5\libgcc.a(_clear_bss.o)
 .bss           0x00000000        0x0 c:/program files (x86)/atmel/studio/7.0/toolchain/avr8/avr8-gnu-toolchain/bin/../lib/gcc/avr/5.4.0/avr5\libgcc.a(_clear_bss.o)
 .text.libgcc.mul
                0x00000000        0x0 c:/program files (x86)/atmel/studio/7.0/toolchain/avr8/avr8-gnu-toolchain/bin/../lib/gcc/avr/5.4.0/avr5\libgcc.a(_clear_bss.o)
 .text.libgcc.div
                0x00000000        0x0 c:/program files (x86)/atmel/studio/7.0/toolchain/avr8/avr8-gnu-toolchain/bin/../lib/gcc/avr/5.4.0/avr5\libgcc.a(_clear_bss.o)
 .text.libgcc   0x00000000        0x0 c:/program files (x86)/atmel/studio/7.0/toolchain/avr8/avr8-gnu-toolchain/bin/../lib/gcc/avr/5.4.0/avr5\libgcc.a(_clear_bss.o)
 .text.libgcc.prologue
                0x00000000        0x0 c:/program files (x86)/atmel/studio/7.0/toolchain/avr8/avr8-gnu-toolchain/bin/../lib/gcc/avr/5.4.0/avr5\libgcc.a(_clear_bss.o)
 .text.libgcc.builtins
                0x00000000        0x0 c:/program files (x86)/atmel/studio/7.0/toolchain/avr8/avr8-gnu-toolchain/bin/../lib/gcc/avr/5.4.0/avr5\libgcc.a(_clear_bss.o)
 .text.libgcc.fmul
                0x00000000        0x0 c:/program files (x86)/atmel/studio/7.0/toolchain/avr8/avr8-gnu-toolchain/bin/../lib/gcc/avr/5.4.0/avr5\libgcc.a(_clear_bss.o)
 .text.libgcc.fixed
                0x00000000        0x0 c:/program files (x86)/atmel/studio/7.0/toolchain/avr8/avr8-gnu-toolchain/bin/../lib/gcc/avr/5.4.0/avr5\libgcc.a(_clear_bss.o)

Memory Configuration

Name             Origin             Length             Attributes
text             0x00000000         0x00008000         xr
data             0x00800100         0x00000800         rw !x
eeprom           0x00810000         0x00000400         rw !x
fuse             0x00820000         0x00000003         rw !x
lock             0x00830000         0x00000400         rw !x
signature        0x00840000         0x00000400         rw !x
user_signatures  0x00850000         0x00000400         rw !x
*default*        0x00000000         0xffffffff

Linker script and memory map

Address of section .data set to 0x800100
LOAD C:/Program Files (x86)/Atmel/Studio/7.0/Packs/atmel/ATmega_DFP/1.7.374/gcc/dev/atmega328p/avr5/crtatmega328p.o
LOAD main.o
LOAD mcc_generated_files/system/src/config_bits.o
LOAD mcc_generated_files/system/src/cpu.o
LOAD mcc_generated_files/system/src/cpuint.o
LOAD mcc_generated_files/system/src/pins.o
LOAD mcc_generated_files/system/src/protected_io.o
LOAD mcc_generated_files/system/src/system.o
LOAD source/timer0.o
LOAD source/usart.o
START GROUP
LOAD c:/program files (x86)/atmel/studio/7.0/toolchain/avr8/avr8-gnu-toolchain/bin/../lib/gcc/avr/5.4.0/../../../../avr/lib/avr5\libm.a
END GROUP
START GROUP
LOAD c:/program files (x86)/atmel/studio/7.0/toolchain/avr8/avr8-gnu-toolchain/bin/../lib/gcc/avr/5.4.0/avr5\libgcc.a
LOAD c:/program files (x86)/atmel/studio/7.0/toolchain/avr8/avr8-gnu-toolchain/bin/../lib/gcc/avr/5.4.0/../../../../avr/lib/avr5\libm.a
LOAD c:/program files (x86)/atmel/studio/7.0/toolchain/avr8/avr8-gnu-toolchain/bin/../lib/gcc/avr/5.4.0/../../../../avr/lib/avr5\libc.a
LOAD C:/Program Files (x86)/Atmel/Studio/7.0/Packs/atmel/ATmega_DFP/1.7.374/gcc/dev/atmega328p/avr5\libatmega328p.a
END GROUP
                0x00000000                __TEXT_REGION_ORIGIN__ = DEFINED (__TEXT_REGION_ORIGIN__)?__TEXT_REGION_ORIGIN__:0x0
                [0x00800100]                __DATA_REGION_ORIGIN__ = DEFINED (__DATA_REGION_ORIGIN__)?__DATA_REGION_ORIGIN__:0x800060
                [0x00008000]                __TEXT_REGION_LENGTH__ = DEFINED (__TEXT_REGION_LENGTH__)?__TEXT_REGION_LENGTH__:0x20000
                [0x00000800]                __DATA_REGION_LENGTH__ = DEFINED (__DATA_REGION_LENGTH__)?__DATA_REGION_LENGTH__:0xffa0
                [0x00000400]                __EEPROM_REGION_LENGTH__ = DEFINED (__EEPROM_REGION_LENGTH__)?__EEPROM_REGION_LENGTH__:0x10000
                [0x00000003]                __FUSE_REGION_LENGTH__ = DEFINED (__FUSE_REGION_LENGTH__)?__FUSE_REGION_LENGTH__:0x400
                0x00000400                __LOCK_REGION_LENGTH__ = DEFINED (__LOCK_REGION_LENGTH__)?__LOCK_REGION_LENGTH__:0x400
                0x00000400                __SIGNATURE_REGION_LENGTH__ = DEFINED (__SIGNATURE_REGION_LENGTH__)?__SIGNATURE_REGION_LENGTH__:0x400
                0x00000400                __USER_SIGNATURE_REGION_LENGTH__ = DEFINED (__USER_SIGNATURE_REGION_LENGTH__)?__USER_SIGNATURE_REGION_LENGTH__:0x400

.hash
 *(.hash)

.dynsym
 *(.dynsym)

.dynstr
 *(.dynstr)

.gnu.version
 *(.gnu.version)

.gnu.version_d
 *(.gnu.version_d)

.gnu.version_r
 *(.gnu.version_r)

.rel.init
 *(.rel.init)

.rela.init
 *(.rela.init)

.rel.text
 *(.rel.text)
 *(.rel.text.*)
 *(.rel.gnu.linkonce.t*)

.rela.text
 *(.rela.text)
 *(.rela.text.*)
 *(.rela.gnu.linkonce.t*)

.rel.fini
 *(.rel.fini)

.rela.fini
 *(.rela.fini)

.rel.rodata
 *(.rel.rodata)
 *(.rel.rodata.*)
 *(.rel.gnu.linkonce.r*)

.rela.rodata
 *(.rela.rodata)
 *(.rela.rodata.*)
 *(.rela.gnu.linkonce.r*)

.rel.data
 *(.rel.data)
 *(.rel.data.*)
 *(.rel.gnu.linkonce.d*)

.rela.data
 *(.rela.data)
 *(.rela.data.*)
 *(.rela.gnu.linkonce.d*)

.rel.ctors
 *(.rel.ctors)

.rela.ctors
 *(.rela.ctors)

.rel.dtors
 *(.rel.dtors)

.rela.dtors
 *(.rela.dtors)

.rel.got
 *(.rel.got)

.rela.got
 *(.rela.got)

.rel.bss
 *(.rel.bss)

.rela.bss
 *(.rela.bss)

.rel.plt
 *(.rel.plt)

.rela.plt
 *(.rela.plt)

.text           0x00000000     0x1060
 *(.vectors)
 .vectors       0x00000000       0x68 C:/Program Files (x86)/Atmel/Studio/7.0/Packs/atmel/ATmega_DFP/1.7.374/gcc/dev/atmega328p/avr5/crtatmega328p.o
                0x00000000                __vector_default
                0x00000000                __vectors
 *(.vectors)
 *(.progmem.gcc*)
                0x00000068                . = ALIGN (0x2)
                0x00000068                __trampolines_start = .
 *(.trampolines)
 .trampolines   0x00000068        0x0 linker stubs
 *(.trampolines*)
                0x00000068                __trampolines_end = .
 *libprintf_flt.a:*(.progmem.data)
 *libc.a:*(.progmem.data)
 *(.progmem*)
                0x00000068                . = ALIGN (0x2)
 *(.jumptables)
 *(.jumptables*)
 *(.lowtext)
 *(.lowtext*)
                0x00000068                __ctors_start = .
 *(.ctors)
                0x00000068                __ctors_end = .
                0x00000068                __dtors_start = .
 *(.dtors)
                0x00000068                __dtors_end = .
 SORT(*)(.ctors)
 SORT(*)(.dtors)
 *(.init0)
 .init0         0x00000068        0x0 C:/Program Files (x86)/Atmel/Studio/7.0/Packs/atmel/ATmega_DFP/1.7.374/gcc/dev/atmega328p/avr5/crtatmega328p.o
                0x00000068                __init
 *(.init0)
 *(.init1)
 *(.init1)
 *(.init2)
 .init2         0x00000068        0xc C:/Program Files (x86)/Atmel/Studio/7.0/Packs/atmel/ATmega_DFP/1.7.374/gcc/dev/atmega328p/avr5/crtatmega328p.o
 *(.init2)
 *(.init3)
 *(.init3)
 *(.init4)
 .init4         0x00000074       0x16 c:/program files (x86)/atmel/studio/7.0/toolchain/avr8/avr8-gnu-toolchain/bin/../lib/gcc/avr/5.4.0/avr5\libgcc.a(_copy_data.o)
                0x00000074                __do_copy_data
 .init4         0x0000008a       0x10 c:/program files (x86)/atmel/studio/7.0/toolchain/avr8/avr8-gnu-toolchain/bin/../lib/gcc/avr/5.4.0/avr5\libgcc.a(_clear_bss.o)
                0x0000008a                __do_clear_bss
 *(.init4)
 *(.init5)
 *(.init5)
 *(.init6)
 *(.init6)
 *(.init7)
 *(.init7)
 *(.init8)
 *(.init8)
 *(.init9)
 .init9         0x0000009a        0x8 C:/Program Files (x86)/Atmel/Studio/7.0/Packs/atmel/ATmega_DFP/1.7.374/gcc/dev/atmega328p/avr5/crtatmega328p.o
 *(.init9)
 *(.text)
 .text          0x000000a2        0x4 C:/Program Files (x86)/Atmel/Studio/7.0/Packs/atmel/ATmega_DFP/1.7.374/gcc/dev/atmega328p/avr5/crtatmega328p.o
                0x000000a2                __vector_22
                0x000000a2                __vector_1
                0x000000a2                __vector_24
                0x000000a2                __vector_12
                0x000000a2                __bad_interrupt
                0x000000a2                __vector_6
                0x000000a2                __vector_3
                0x000000a2                __vector_23
                0x000000a2                __vector_25
                0x000000a2                __vector_11
                0x000000a2                __vector_13
                0x000000a2                __vector_17
                0x000000a2                __vector_19
                0x000000a2                __vector_7
                0x000000a2                __vector_5
                0x000000a2                __vector_4
                0x000000a2                __vector_9
                0x000000a2                __vector_2
                0x000000a2                __vector_21
                0x000000a2                __vector_15
                0x000000a2                __vector_8
                0x000000a2                __vector_10
                0x000000a2                __vector_16
                0x000000a2                __vector_20
                0x000000a6                . = ALIGN (0x2)
 *(.text.*)
 .text.do10ms   0x000000a6       0x20 main.o
                0x000000a6                do10ms
 .text.EEPROM_Read
                0x000000c6       0x26 main.o
                0x000000c6                EEPROM_Read
 .text.UpdateState
                0x000000ec       0xb4 main.o
                0x000000ec                UpdateState
 .text.RegInput
                0x000001a0      0x192 main.o
                0x000001a0                RegInput
 .text.CrcCalculation
                0x00000332       0x4c main.o
                0x00000332                CrcCalculation
 .text.UARTsendByte
                0x0000037e       0x24 main.o
                0x0000037e                UARTsendByte
 .text.UARTrcvByte
                0x000003a2      0x18a main.o
                0x000003a2                UARTrcvByte
 .text.__vector_18
                0x0000052c       0x4c main.o
                0x0000052c                __vector_18
 .text.DecodeData
                0x00000578      0x6f6 main.o
                0x00000578                DecodeData
 .text.SendExceptionCode
                0x00000c6e       0x94 main.o
                0x00000c6e                SendExceptionCode
 .text.USART0_ReceiveInterruptEnable
                0x00000d02        0xc main.o
                0x00000d02                USART0_ReceiveInterruptEnable
 .text.USART0_ReceiveInterruptDisable
                0x00000d0e        0xc main.o
                0x00000d0e                USART0_ReceiveInterruptDisable
 .text.main     0x00000d1a      0x1e6 main.o
                0x00000d1a                main
 .text.CPU_Initialize
                0x00000f00        0xe mcc_generated_files/system/src/cpu.o
                0x00000f00                CPU_Initialize
 .text.CPUINT_Initialize
                0x00000f0e        0x8 mcc_generated_files/system/src/cpuint.o
                0x00000f0e                CPUINT_Initialize
 .text.PIN_MANAGER_Initialize
                0x00000f16       0x18 mcc_generated_files/system/src/pins.o
                0x00000f16                PIN_MANAGER_Initialize
 .text.SYSTEM_Initialize
                0x00000f2e        0xe mcc_generated_files/system/src/system.o
                0x00000f2e                SYSTEM_Initialize
 .text.TC0_Initialize
                0x00000f3c       0x1a source/timer0.o
                0x00000f3c                TC0_Initialize
 .text.TC0_Enable_CompareA_Interrupt
                0x00000f56        0xc source/timer0.o
                0x00000f56                TC0_Enable_CompareA_Interrupt
 .text.TC0_Disable_CompareA_Interrupt
                0x00000f62        0xc source/timer0.o
                0x00000f62                TC0_Disable_CompareA_Interrupt
 .text.TMR0_SetHandler
                0x00000f6e        0xa source/timer0.o
                0x00000f6e                TMR0_SetHandler
 .text.__vector_14
                0x00000f78       0x56 source/timer0.o
                0x00000f78                __vector_14
 .text.USART0_IsTxReady
                0x00000fce        0xc source/usart.o
                0x00000fce                USART0_IsTxReady
 .text.USART0_IsTxDone
                0x00000fda        0xc source/usart.o
                0x00000fda                USART0_IsTxDone
 .text.USART0_Write
                0x00000fe6        0x6 source/usart.o
                0x00000fe6                USART0_Write
 .text.USART0_DefaultFramingErrorCallback
                0x00000fec        0x2 source/usart.o
 .text.USART0_DefaultOverrunErrorCallback
                0x00000fee        0x2 source/usart.o
 .text.USART0_DefaultParityErrorCallback
                0x00000ff0        0x2 source/usart.o
 .text.USART0_FramingErrorCallbackRegister
                0x00000ff2        0xe source/usart.o
                0x00000ff2                USART0_FramingErrorCallbackRegister
 .text.USART0_OverrunErrorCallbackRegister
                0x00001000        0xe source/usart.o
                0x00001000                USART0_OverrunErrorCallbackRegister
 .text.USART0_ParityErrorCallbackRegister
                0x0000100e        0xe source/usart.o
                0x0000100e                USART0_ParityErrorCallbackRegister
 .text.USART0_Initialize
                0x0000101c       0x40 source/usart.o
                0x0000101c                USART0_Initialize
                0x0000105c                . = ALIGN (0x2)
 *(.fini9)
 .fini9         0x0000105c        0x0 c:/program files (x86)/atmel/studio/7.0/toolchain/avr8/avr8-gnu-toolchain/bin/../lib/gcc/avr/5.4.0/avr5\libgcc.a(_exit.o)
                0x0000105c                _exit
                0x0000105c                exit
 *(.fini9)
 *(.fini8)
 *(.fini8)
 *(.fini7)
 *(.fini7)
 *(.fini6)
 *(.fini6)
 *(.fini5)
 *(.fini5)
 *(.fini4)
 *(.fini4)
 *(.fini3)
 *(.fini3)
 *(.fini2)
 *(.fini2)
 *(.fini1)
 *(.fini1)
 *(.fini0)
 .fini0         0x0000105c        0x4 c:/program files (x86)/atmel/studio/7.0/toolchain/avr8/avr8-gnu-toolchain/bin/../lib/gcc/avr/5.4.0/avr5\libgcc.a(_exit.o)
 *(.fini0)
                0x00001060                _etext = .

.data           0x00800100       0x20 load address 0x00001060
                0x00800100                PROVIDE (__data_start, .)
 *(.data)
 *(.data*)
 .data.TIMEBEETWEN
                0x00800100        0x8 main.o
                0x00800100                TIMEBEETWEN
 *(.gnu.linkonce.d*)
 *(.rodata)
 *(.rodata*)
 .rodata.registerAddresses
                0x00800108       0x18 main.o
                0x00800108                registerAddresses
 *(.gnu.linkonce.r*)
                0x00800120                . = ALIGN (0x2)
                0x00800120                _edata = .
                0x00800120                PROVIDE (__data_end, .)

.bss            0x00800120      0x2e1
                0x00800120                PROVIDE (__bss_start, .)
 *(.bss)
 *(.bss*)
 .bss.indexTxW  0x00800120        0x1 main.o
                0x00800120                indexTxW
 .bss.indexTxR  0x00800121        0x1 main.o
                0x00800121                indexTxR
 .bss.indexRxW  0x00800122        0x1 main.o
                0x00800122                indexRxW
 .bss.indexRxR  0x00800123        0x1 main.o
                0x00800123                indexRxR
 .bss.TMR0Handler
                0x00800124        0x2 source/timer0.o
                0x00800124                TMR0Handler
 .bss.USART0_ParityErrorHandler
                0x00800126        0x2 source/usart.o
 .bss.USART0_OverrunErrorHandler
                0x00800128        0x2 source/usart.o
 .bss.USART0_FramingErrorHandler
                0x0080012a        0x2 source/usart.o
 .bss.usart0RxLastError
                0x0080012c        0x2 source/usart.o
 *(COMMON)
 COMMON         0x0080012e      0x2d3 main.o
                0x0080012e                eventCounter
                0x0080012f                dbTime4
                0x00800131                deadTime2
                0x00800133                myUSARTHandler
                0x00800163                crcLocal
                0x00800165                tikDebounce
                0x00800169                lecture
                0x0080016a                registro
                0x0080016c                dbTime3
                0x0080016e                myHalfWord
                0x00800170                diagnosticsSubfunction
                0x00800171                decodeState
                0x00800172                deadTime4
                0x00800174                excepCode
                0x00800175                byteCount
                0x00800176                unixTimeL
                0x00800178                bufferRx
                0x00800278                errorCode
                0x00800279                slaveAddress
                0x0080027b                exceptionCodes
                0x0080027c                function
                0x0080027d                tim1L
                0x0080027e                nBytes
                0x0080027f                dbTime1
                0x00800281                myEvents
                0x008002e1                silenceTik
                0x008002e2                deadTime1
                0x008002e4                hbTime
                0x008002e5                inputFlags
                0x008002e6                crcMsg
                0x008002e8                oldValueA
                0x008002e9                diagnosticsRegister
                0x008002eb                dbTime2
                0x008002ed                unixTimeH
                0x008002ef                newValueA
                0x008002f0                intFlags
                0x008002f1                bufferTx
                0x008003f1                tikBetweenTime
                0x008003f9                dateTime
                0x008003fd                deadTime3
                0x008003ff                tim1H
                0x00800400                outValues
                0x00800401                PROVIDE (__bss_end, .)
                0x00001060                __data_load_start = LOADADDR (.data)
                0x00001080                __data_load_end = (__data_load_start + SIZEOF (.data))

.noinit         0x00800401        0x0
                [!provide]                PROVIDE (__noinit_start, .)
 *(.noinit*)
                [!provide]                PROVIDE (__noinit_end, .)
                0x00800401                _end = .
                [!provide]                PROVIDE (__heap_start, .)

.eeprom         0x00810000        0x0
 *(.eeprom*)
                0x00810000                __eeprom_end = .

.fuse           0x00820000        0x3
 *(.fuse)
 .fuse          0x00820000        0x3 mcc_generated_files/system/src/config_bits.o
                0x00820000                __fuse
 *(.lfuse)
 *(.hfuse)
 *(.efuse)

.lock
 *(.lock*)

.signature
 *(.signature*)

.user_signatures
 *(.user_signatures*)

.stab
 *(.stab)

.stabstr
 *(.stabstr)

.stab.excl
 *(.stab.excl)

.stab.exclstr
 *(.stab.exclstr)

.stab.index
 *(.stab.index)

.stab.indexstr
 *(.stab.indexstr)

.comment        0x00000000       0x30
 *(.comment)
 .comment       0x00000000       0x30 main.o
                                 0x31 (size before relaxing)
 .comment       0x00000030       0x31 mcc_generated_files/system/src/config_bits.o
 .comment       0x00000030       0x31 mcc_generated_files/system/src/cpu.o
 .comment       0x00000030       0x31 mcc_generated_files/system/src/cpuint.o
 .comment       0x00000030       0x31 mcc_generated_files/system/src/pins.o
 .comment       0x00000030       0x31 mcc_generated_files/system/src/system.o
 .comment       0x00000030       0x31 source/timer0.o
 .comment       0x00000030       0x31 source/usart.o

.note.gnu.avr.deviceinfo
                0x00000000       0x40
 .note.gnu.avr.deviceinfo
                0x00000000       0x40 C:/Program Files (x86)/Atmel/Studio/7.0/Packs/atmel/ATmega_DFP/1.7.374/gcc/dev/atmega328p/avr5/crtatmega328p.o

.note.gnu.build-id
 *(.note.gnu.build-id)

.debug
 *(.debug)

.line
 *(.line)

.debug_srcinfo
 *(.debug_srcinfo)

.debug_sfnames
 *(.debug_sfnames)

.debug_aranges  0x00000000      0x288
 *(.debug_aranges)
 .debug_aranges
                0x00000000       0x88 main.o
 .debug_aranges
                0x00000088       0x18 mcc_generated_files/system/src/config_bits.o
 .debug_aranges
                0x000000a0       0x40 mcc_generated_files/system/src/cpu.o
 .debug_aranges
                0x000000e0       0x20 mcc_generated_files/system/src/cpuint.o
 .debug_aranges
                0x00000100       0x20 mcc_generated_files/system/src/pins.o
 .debug_aranges
                0x00000120       0x20 mcc_generated_files/system/src/system.o
 .debug_aranges
                0x00000140       0x88 source/timer0.o
 .debug_aranges
                0x000001c8       0xc0 source/usart.o

.debug_pubnames
 *(.debug_pubnames)

.debug_info     0x00000000     0x1f6b
 *(.debug_info .gnu.linkonce.wi.*)
 .debug_info    0x00000000      0x5f4 C:/Program Files (x86)/Atmel/Studio/7.0/Packs/atmel/ATmega_DFP/1.7.374/gcc/dev/atmega328p/avr5/crtatmega328p.o
 .debug_info    0x000005f4      0xe28 main.o
 .debug_info    0x0000141c       0xa6 mcc_generated_files/system/src/config_bits.o
 .debug_info    0x000014c2       0xef mcc_generated_files/system/src/cpu.o
 .debug_info    0x000015b1       0x92 mcc_generated_files/system/src/cpuint.o
 .debug_info    0x00001643       0x82 mcc_generated_files/system/src/pins.o
 .debug_info    0x000016c5       0xbf mcc_generated_files/system/src/system.o
 .debug_info    0x00001784      0x20a source/timer0.o
 .debug_info    0x0000198e      0x5dd source/usart.o

.debug_abbrev   0x00000000      0xceb
 *(.debug_abbrev)
 .debug_abbrev  0x00000000      0x5a2 C:/Program Files (x86)/Atmel/Studio/7.0/Packs/atmel/ATmega_DFP/1.7.374/gcc/dev/atmega328p/avr5/crtatmega328p.o
 .debug_abbrev  0x000005a2      0x2d4 main.o
 .debug_abbrev  0x00000876       0x6f mcc_generated_files/system/src/config_bits.o
 .debug_abbrev  0x000008e5       0x7a mcc_generated_files/system/src/cpu.o
 .debug_abbrev  0x0000095f       0x53 mcc_generated_files/system/src/cpuint.o
 .debug_abbrev  0x000009b2       0x4f mcc_generated_files/system/src/pins.o
 .debug_abbrev  0x00000a01       0x63 mcc_generated_files/system/src/system.o
 .debug_abbrev  0x00000a64       0xcd source/timer0.o
 .debug_abbrev  0x00000b31      0x1ba source/usart.o

.debug_line     0x00000000     0x1730
 *(.debug_line .debug_line.* .debug_line_end)
 .debug_line    0x00000000      0x134 C:/Program Files (x86)/Atmel/Studio/7.0/Packs/atmel/ATmega_DFP/1.7.374/gcc/dev/atmega328p/avr5/crtatmega328p.o
 .debug_line    0x00000134      0xbc0 main.o
 .debug_line    0x00000cf4       0xb1 mcc_generated_files/system/src/config_bits.o
 .debug_line    0x00000da5      0x12a mcc_generated_files/system/src/cpu.o
 .debug_line    0x00000ecf       0xcc mcc_generated_files/system/src/cpuint.o
 .debug_line    0x00000f9b       0xee mcc_generated_files/system/src/pins.o
 .debug_line    0x00001089       0xb8 mcc_generated_files/system/src/system.o
 .debug_line    0x00001141      0x23e source/timer0.o
 .debug_line    0x0000137f      0x3b1 source/usart.o

.debug_frame    0x00000000      0x4dc
 *(.debug_frame)
 .debug_frame   0x00000000      0x16c main.o
 .debug_frame   0x0000016c       0x64 mcc_generated_files/system/src/cpu.o
 .debug_frame   0x000001d0       0x24 mcc_generated_files/system/src/cpuint.o
 .debug_frame   0x000001f4       0x24 mcc_generated_files/system/src/pins.o
 .debug_frame   0x00000218       0x24 mcc_generated_files/system/src/system.o
 .debug_frame   0x0000023c      0x13c source/timer0.o
 .debug_frame   0x00000378      0x164 source/usart.o

.debug_str      0x00000000      0xf2b
 *(.debug_str)
 .debug_str     0x00000000      0x208 C:/Program Files (x86)/Atmel/Studio/7.0/Packs/atmel/ATmega_DFP/1.7.374/gcc/dev/atmega328p/avr5/crtatmega328p.o
 .debug_str     0x00000208      0x7c0 main.o
                                0x8d8 (size before relaxing)
 .debug_str     0x000009c8       0x95 mcc_generated_files/system/src/config_bits.o
                                0x1a7 (size before relaxing)
 .debug_str     0x00000a5d       0x81 mcc_generated_files/system/src/cpu.o
                                0x1e2 (size before relaxing)
 .debug_str     0x00000ade       0x3d mcc_generated_files/system/src/cpuint.o
                                0x1a5 (size before relaxing)
 .debug_str     0x00000b1b       0x40 mcc_generated_files/system/src/pins.o
                                0x1a1 (size before relaxing)
 .debug_str     0x00000b5b       0x2b mcc_generated_files/system/src/system.o
                                0x1ce (size before relaxing)
 .debug_str     0x00000b86      0x14d source/timer0.o
                                0x317 (size before relaxing)
 .debug_str     0x00000cd3      0x258 source/usart.o
                                0x5b4 (size before relaxing)

.debug_loc      0x00000000      0x630
 *(.debug_loc)
 .debug_loc     0x00000000      0x544 main.o
 .debug_loc     0x00000544       0x21 mcc_generated_files/system/src/cpu.o
 .debug_loc     0x00000565       0xcb source/timer0.o

.debug_macinfo
 *(.debug_macinfo)

.debug_weaknames
 *(.debug_weaknames)

.debug_funcnames
 *(.debug_funcnames)

.debug_typenames
 *(.debug_typenames)

.debug_varnames
 *(.debug_varnames)

.debug_pubtypes
 *(.debug_pubtypes)

.debug_ranges   0x00000000      0x230
 *(.debug_ranges)
 .debug_ranges  0x00000000       0xa8 main.o
 .debug_ranges  0x000000a8       0x30 mcc_generated_files/system/src/cpu.o
 .debug_ranges  0x000000d8       0x10 mcc_generated_files/system/src/cpuint.o
 .debug_ranges  0x000000e8       0x10 mcc_generated_files/system/src/pins.o
 .debug_ranges  0x000000f8       0x10 mcc_generated_files/system/src/system.o
 .debug_ranges  0x00000108       0x78 source/timer0.o
 .debug_ranges  0x00000180       0xb0 source/usart.o

.debug_macro
 *(.debug_macro)
OUTPUT(ModuloATMEL.elf elf32-avr)
LOAD linker stubs
